2026-10-07 16:06:31 | masks | DEBUG | Вызов get_mask_card_number: 1234567890123456
2026-10-07 16:06:31 | masks | INFO | Номер карты успешно замаскирован: 1234 56** **** 3456
2026-10-07 16:06:31 | masks | DEBUG | Вызов get_mask_card_number: 1234 5678 9012 3456
2026-10-07 16:06:31 | masks | INFO | Номер карты успешно замаскирован: 1234 56** **** 3456
2026-10-07 16:06:31 | masks | DEBUG | Вызов get_mask_card_number: 99991234567890123456
2026-10-07 16:06:31 | masks | INFO | Номер карты успешно замаскирован: 1234 56** **** 3456
2026-10-07 16:06:31 | masks | DEBUG | Вызов get_mask_card_number: 123456789012
2026-10-07 16:06:31 | masks | INFO | Номер карты успешно замаскирован: 1234 56** **** 9012
2026-10-07 16:06:31 | masks | DEBUG | Вызов get_mask_card_number: 12345
2026-10-07 16:06:31 | masks | INFO | Номер карты успешно замаскирован: 1234 5** **** 2345
2026-10-07 16:06:31 | masks | DEBUG | Вызов get_mask_card_number: 1234
2026-10-07 16:06:31 | masks | INFO | Номер карты успешно замаскирован: 1234 ** **** 1234
2026-10-07 16:06:31 | masks | DEBUG | Вызов get_mask_card_number: 123
2026-10-07 16:06:31 | masks | INFO | Номер карты успешно замаскирован: 123 ** **** 123
2026-10-07 16:06:31 | masks | DEBUG | Вызов get_mask_card_number: 1
2026-10-07 16:06:31 | masks | INFO | Номер карты успешно замаскирован: 1 ** **** 1
2026-10-07 16:06:31 | masks | DEBUG | Вызов get_mask_card_number: 
2026-10-07 16:06:31 | masks | INFO | Номер карты успешно замаскирован:  ** **** 
2026-10-07 16:06:31 | masks | DEBUG | Вызов get_mask_account: 12345678901234567890
2026-10-07 16:06:31 | masks | INFO | Номер счета успешно замаскирован: **7890
2026-10-07 16:06:31 | masks | DEBUG | Вызов get_mask_account: 1234 5678 9012 3456 7890
2026-10-07 16:06:31 | masks | INFO | Номер счета успешно замаскирован: **7890
2026-10-07 16:06:31 | masks | DEBUG | Вызов get_mask_account: 99999912345678901234567890
2026-10-07 16:06:31 | masks | INFO | Номер счета успешно замаскирован: **7890
2026-10-07 16:06:31 | masks | DEBUG | Вызов get_mask_account: 1234567890
2026-10-07 16:06:31 | masks | INFO | Номер счета успешно замаскирован: **7890
2026-10-07 16:06:31 | masks | DEBUG | Вызов get_mask_account: 1234567
2026-10-07 16:06:31 | masks | INFO | Номер счета успешно замаскирован: **4567
2026-10-07 16:06:31 | masks | DEBUG | Вызов get_mask_account: 123456
2026-10-07 16:06:31 | masks | INFO | Номер счета успешно замаскирован: **3456
2026-10-07 16:06:31 | masks | DEBUG | Вызов get_mask_account: 12345
2026-10-07 16:06:31 | masks | INFO | Номер счета успешно замаскирован: **2345
2026-10-07 16:06:31 | masks | DEBUG | Вызов get_mask_account: 1234
2026-10-07 16:06:31 | masks | INFO | Номер счета успешно замаскирован: **1234
2026-10-07 16:06:31 | masks | DEBUG | Вызов get_mask_account: 123
2026-10-07 16:06:31 | masks | INFO | Номер счета успешно замаскирован: **123
2026-10-07 16:06:31 | masks | DEBUG | Вызов get_mask_account: 12
2026-10-07 16:06:31 | masks | INFO | Номер счета успешно замаскирован: **12
2026-10-07 16:06:31 | masks | DEBUG | Вызов get_mask_account: 1
2026-10-07 16:06:31 | masks | INFO | Номер счета успешно замаскирован: **1
2026-10-07 16:06:31 | masks | DEBUG | Вызов get_mask_account: 
2026-10-07 16:06:31 | masks | INFO | Номер счета успешно замаскирован: **
2026-10-07 16:06:31 | masks | DEBUG | Вызов get_mask_account: 12345678901234567890
2026-10-07 16:06:31 | masks | INFO | Номер счета успешно замаскирован: **7890
2026-10-07 16:06:31 | masks | DEBUG | Вызов get_mask_account: 1234 5678 9012 3456 7890
2026-10-07 16:06:31 | masks | INFO | Номер счета успешно замаскирован: **7890
2026-10-07 16:06:31 | masks | DEBUG | Вызов get_mask_account: 12345678901234567890
2026-10-07 16:06:31 | masks | INFO | Номер счета успешно замаскирован: **7890
2026-10-07 16:06:31 | masks | DEBUG | Вызов get_mask_account: 1234
2026-10-07 16:06:31 | masks | INFO | Номер счета успешно замаскирован: **1234
2026-10-07 16:06:31 | masks | DEBUG | Вызов get_mask_account: 1
2026-10-07 16:06:31 | masks | INFO | Номер счета успешно замаскирован: **1
2026-10-07 16:06:31 | masks | DEBUG | Вызов get_mask_card_number: 1234567890123456
2026-10-07 16:06:31 | masks | INFO | Номер карты успешно замаскирован: 1234 56** **** 3456
2026-10-07 16:06:31 | masks | DEBUG | Вызов get_mask_card_number: 1234567890123456
2026-10-07 16:06:31 | masks | INFO | Номер карты успешно замаскирован: 1234 56** **** 3456
2026-10-07 16:06:31 | masks | DEBUG | Вызов get_mask_card_number: 1234567890123456
2026-10-07 16:06:31 | masks | INFO | Номер карты успешно замаскирован: 1234 56** **** 3456
